// Jest Snapshot v1, https://goo.gl/fbAQLP

exports[`parse places 1`] = `
Array [
  Object {
    "city": "Salamanca",
    "country": "Spain",
    "flags": Array [
      "been",
    ],
    "iso": "ES",
    "lat": 40.96427,
    "lng": -5.66385,
    "name": "Salamanca, Spain",
  },
  Object {
    "city": "Dortmund",
    "country": "Germany",
    "flags": Array [
      "been",
    ],
    "iso": "DE",
    "lat": 51.51661,
    "lng": 7.4583,
    "name": "Dortmund, Germany",
  },
  Object {
    "city": "Frederikshavn",
    "country": "Denmark",
    "flags": Array [
      "been",
    ],
    "iso": "DK",
    "lat": 57.44707,
    "lng": 10.530396,
    "name": "Frederikshavn, Denmark",
  },
  Object {
    "city": "Cologne",
    "country": "Germany",
    "flags": Array [
      "been",
    ],
    "iso": "DE",
    "lat": 50.939663,
    "lng": 6.959839,
    "name": "Cologne, Germany",
  },
  Object {
    "city": "Kiev",
    "country": "Ukraine",
    "flags": Array [
      "been",
    ],
    "iso": "UA",
    "lat": 50.444885,
    "lng": 30.536667,
    "name": "Kiev, Ukraine",
  },
  Object {
    "city": "Salta",
    "country": "Argentina",
    "flags": Array [
      "been",
    ],
    "iso": "AR",
    "lat": -24.78866,
    "lng": -65.41018,
    "name": "Salta, Argentina",
  },
  Object {
    "city": "Lucca",
    "country": "Italy",
    "flags": Array [
      "been",
    ],
    "iso": "IT",
    "lat": 43.84202,
    "lng": 10.51535,
    "name": "Lucca, Italy",
  },
  Object {
    "city": "Cork",
    "country": "Ireland",
    "flags": Array [
      "been",
    ],
    "iso": "IE",
    "lat": 51.891148,
    "lng": -8.474197,
    "name": "Cork, Ireland",
  },
  Object {
    "city": "Livorno",
    "country": "Italy",
    "flags": Array [
      "been",
    ],
    "iso": "IT",
    "lat": 43.549717,
    "lng": 10.31293,
    "name": "Livorno, Italy",
  },
  Object {
    "city": "Flensburg",
    "country": "Germany",
    "flags": Array [
      "been",
    ],
    "iso": "DE",
    "lat": 54.786343,
    "lng": 9.4347,
    "name": "Flensburg, Germany",
  },
  Object {
    "city": "Furtwangen",
    "country": "Germany",
    "flags": Array [
      "been",
    ],
    "iso": "DE",
    "lat": 48.049057,
    "lng": 8.199312,
    "name": "Furtwangen, Germany",
  },
  Object {
    "city": "Kiel",
    "country": "Germany",
    "flags": Array [
      "been",
    ],
    "iso": "DE",
    "lat": 54.32192,
    "lng": 10.134516,
    "name": "Kiel, Germany",
  },
  Object {
    "city": "Florence",
    "country": "Italy",
    "flags": Array [
      "been",
    ],
    "iso": "IT",
    "lat": 43.767918,
    "lng": 11.252379,
    "name": "Florence, Italy",
  },
  Object {
    "city": "Barcelona",
    "country": "Spain",
    "flags": Array [
      "been",
    ],
    "iso": "ES",
    "lat": 41.385597,
    "lng": 2.169576,
    "name": "Barcelona, Spain",
  },
  Object {
    "city": "Lisbon",
    "country": "Portugal",
    "flags": Array [
      "been",
    ],
    "iso": "PT",
    "lat": 38.71211,
    "lng": -9.138085,
    "name": "Lisbon, Portugal",
  },
  Object {
    "city": "Marseille",
    "country": "France",
    "flags": Array [
      "been",
    ],
    "iso": "FR",
    "lat": 43.2964,
    "lng": 5.37,
    "name": "Marseille, France",
  },
  Object {
    "city": "Datong",
    "country": "China",
    "flags": Array [
      "been",
    ],
    "iso": "CN",
    "lat": 40.07627,
    "lng": 113.30001,
    "name": "Datong, China",
  },
  Object {
    "city": "New York City",
    "country": "NY",
    "flags": Array [
      "been",
    ],
    "iso": "",
    "lat": 40.713238,
    "lng": -74.00584,
    "name": "New York City, NY, USA",
  },
  Object {
    "city": "Valencia",
    "country": "Spain",
    "flags": Array [
      "been",
    ],
    "iso": "ES",
    "lat": 39.473854,
    "lng": -0.377154,
    "name": "Valencia, Spain",
  },
  Object {
    "city": "Catania",
    "country": "Italy",
    "flags": Array [
      "been",
    ],
    "iso": "IT",
    "lat": 37.508392,
    "lng": 15.080838,
    "name": "Catania, Italy",
  },
  Object {
    "city": "Kollum",
    "country": "The Netherlands",
    "flags": Array [
      "been",
    ],
    "iso": "NL",
    "lat": 53.27695,
    "lng": 6.15293,
    "name": "Kollum, The Netherlands",
  },
  Object {
    "city": "La Serena",
    "country": "Chile",
    "flags": Array [
      "been",
    ],
    "iso": "CL",
    "lat": -29.90267,
    "lng": -71.25127,
    "name": "La Serena, Chile",
  },
  Object {
    "city": "Latour-de-Carol",
    "country": "France",
    "flags": Array [
      "been",
    ],
    "iso": "FR",
    "lat": 42.46519,
    "lng": 1.89037,
    "name": "Latour-de-Carol, France",
  },
  Object {
    "city": "Warsaw",
    "country": "Poland",
    "flags": Array [
      "been",
    ],
    "iso": "PL",
    "lat": 52.22875,
    "lng": 21.00625,
    "name": "Warsaw, Poland",
  },
  Object {
    "city": "Calais",
    "country": "France",
    "flags": Array [
      "been",
    ],
    "iso": "FR",
    "lat": 50.95326,
    "lng": 1.854357,
    "name": "Calais, France",
  },
  Object {
    "city": "Rostock",
    "country": "Germany",
    "flags": Array [
      "been",
    ],
    "iso": "DE",
    "lat": 54.087986,
    "lng": 12.13723,
    "name": "Rostock, Germany",
  },
  Object {
    "city": "Brasov",
    "country": "Romania",
    "flags": Array [
      "been",
    ],
    "iso": "RO",
    "lat": 45.64233,
    "lng": 25.58853,
    "name": "Brasov, Romania",
  },
  Object {
    "city": "Newcastle upon Tyne",
    "country": "UK",
    "flags": Array [
      "been",
    ],
    "iso": "GB",
    "lat": 54.972885,
    "lng": -1.618424,
    "name": "Newcastle upon Tyne, UK",
  },
  Object {
    "city": "Renesse",
    "country": "The Netherlands",
    "flags": Array [
      "been",
    ],
    "iso": "NL",
    "lat": 51.73223,
    "lng": 3.77436,
    "name": "Renesse, The Netherlands",
  },
  Object {
    "city": "Dokkum",
    "country": "The Netherlands",
    "flags": Array [
      "been",
    ],
    "iso": "NL",
    "lat": 53.324997,
    "lng": 5.998067,
    "name": "Dokkum, The Netherlands",
  },
  Object {
    "city": "Ohakune",
    "country": "New Zealand",
    "flags": Array [
      "been",
    ],
    "iso": "NZ",
    "lat": -39.417824,
    "lng": 175.39963,
    "name": "Ohakune, New Zealand",
  },
  Object {
    "city": "Constanta",
    "country": "Romania",
    "flags": Array [
      "been",
    ],
    "iso": "RO",
    "lat": 44.17714,
    "lng": 28.65308,
    "name": "Constanta, Romania",
  },
  Object {
    "city": "Fox Glacier",
    "country": "New Zealand",
    "flags": Array [
      "been",
    ],
    "iso": "NZ",
    "lat": -43.46552,
    "lng": 170.01831,
    "name": "Fox Glacier, New Zealand",
  },
  Object {
    "city": "Oswiecim",
    "country": "Poland",
    "flags": Array [
      "been",
    ],
    "iso": "PL",
    "lat": 50.036472,
    "lng": 19.25247,
    "name": "Oswiecim, Poland",
  },
  Object {
    "city": "Cape Town Central",
    "country": "South Africa",
    "flags": Array [
      "want",
    ],
    "iso": "ZA",
    "lat": -33.918163,
    "lng": 18.424736,
    "name": "Cape Town Central, South Africa",
  },
  Object {
    "city": "Leipzig",
    "country": "Germany",
    "flags": Array [
      "been",
    ],
    "iso": "DE",
    "lat": 51.344887,
    "lng": 12.386192,
    "name": "Leipzig, Germany",
  },
  Object {
    "city": "Olbia",
    "country": "Italy",
    "flags": Array [
      "been",
    ],
    "iso": "IT",
    "lat": 40.922207,
    "lng": 9.5003,
    "name": "Olbia, Italy",
  },
  Object {
    "city": "Copenhagen",
    "country": "Denmark",
    "flags": Array [
      "been",
    ],
    "iso": "DK",
    "lat": 55.67502,
    "lng": 12.580593,
    "name": "Copenhagen, Denmark",
  },
  Object {
    "city": "Coquimbo",
    "country": "Chile",
    "flags": Array [
      "been",
    ],
    "iso": "CL",
    "lat": -29.9604,
    "lng": -71.33852,
    "name": "Coquimbo, Chile",
  },
  Object {
    "city": "Bondi",
    "country": "Australia",
    "flags": Array [
      "been",
    ],
    "iso": "AU",
    "lat": -33.895325,
    "lng": 151.26826,
    "name": "Bondi, Australia",
  },
  Object {
    "city": "Madrid",
    "country": "Spain",
    "flags": Array [
      "been",
    ],
    "iso": "ES",
    "lat": 40.41471,
    "lng": -3.700708,
    "name": "Madrid, Spain",
  },
  Object {
    "city": "Orosei",
    "country": "Italy",
    "flags": Array [
      "been",
    ],
    "iso": "IT",
    "lat": 40.378716,
    "lng": 9.694828,
    "name": "Orosei, Italy",
  },
  Object {
    "city": "Ystad",
    "country": "Sweden",
    "flags": Array [
      "been",
    ],
    "iso": "SE",
    "lat": 55.43124,
    "lng": 13.82827,
    "name": "Ystad, Sweden",
  },
  Object {
    "city": "Helsinki",
    "country": "Finland",
    "flags": Array [
      "been",
    ],
    "iso": "FI",
    "lat": 60.16798,
    "lng": 24.940203,
    "name": "Helsinki, Finland",
  },
  Object {
    "city": "Cleveland",
    "country": "OH",
    "flags": Array [
      "been",
    ],
    "iso": "",
    "lat": 41.49958,
    "lng": -81.69382,
    "name": "Cleveland, OH, USA",
  },
  Object {
    "city": "Vina del Mar",
    "country": "Chile",
    "flags": Array [
      "been",
    ],
    "iso": "CL",
    "lat": -33.02397,
    "lng": -71.5522,
    "name": "Vina del Mar, Chile",
  },
  Object {
    "city": "Bucharest",
    "country": "Romania",
    "flags": Array [
      "been",
    ],
    "iso": "RO",
    "lat": 44.42677,
    "lng": 26.103397,
    "name": "Bucharest, Romania",
  },
  Object {
    "city": "Shanghai",
    "country": "China",
    "flags": Array [
      "been",
    ],
    "iso": "CN",
    "lat": 31.234953,
    "lng": 121.48737,
    "name": "Shanghai, China",
  },
  Object {
    "city": "Arcachon",
    "country": "France",
    "flags": Array [
      "been",
    ],
    "iso": "FR",
    "lat": 44.652786,
    "lng": -1.179532,
    "name": "Arcachon, France",
  },
  Object {
    "city": "Montpellier",
    "country": "France",
    "flags": Array [
      "been",
    ],
    "iso": "FR",
    "lat": 43.606926,
    "lng": 3.880531,
    "name": "Montpellier, France",
  },
  Object {
    "city": "Rome",
    "country": "Italy",
    "flags": Array [
      "been",
    ],
    "iso": "IT",
    "lat": 41.893623,
    "lng": 12.495978,
    "name": "Rome, Italy",
  },
  Object {
    "city": "Sarajevo",
    "country": "Bosnia and Herzegovina",
    "flags": Array [
      "been",
    ],
    "iso": "BA",
    "lat": 43.86231,
    "lng": 18.432571,
    "name": "Sarajevo, Bosnia and Herzegovina",
  },
  Object {
    "city": "Suzhou",
    "country": "China",
    "flags": Array [
      "been",
    ],
    "iso": "CN",
    "lat": 31.26269,
    "lng": 121.07674,
    "name": "Suzhou, China",
  },
  Object {
    "city": "Helgoland",
    "country": "Germany",
    "flags": Array [
      "been",
    ],
    "iso": "DE",
    "lat": 54.18147,
    "lng": 7.89033,
    "name": "Helgoland, Germany",
  },
  Object {
    "city": "Cecina",
    "country": "Italy",
    "flags": Array [
      "been",
    ],
    "iso": "IT",
    "lat": 43.3107,
    "lng": 10.523853,
    "name": "Cecina, Italy",
  },
  Object {
    "city": "Mostar",
    "country": "Bosnia and Herzegovina",
    "flags": Array [
      "been",
    ],
    "iso": "BA",
    "lat": 43.34368,
    "lng": 17.80821,
    "name": "Mostar, Bosnia and Herzegovina",
  },
  Object {
    "city": "Beijing",
    "country": "China",
    "flags": Array [
      "been",
    ],
    "iso": "CN",
    "lat": 39.909336,
    "lng": 116.39452,
    "name": "Beijing, China",
  },
  Object {
    "city": "Augsburg",
    "country": "Germany",
    "flags": Array [
      "been",
    ],
    "iso": "DE",
    "lat": 48.369976,
    "lng": 10.88333,
    "name": "Augsburg, Germany",
  },
  Object {
    "city": "Brussels",
    "country": "Belgium",
    "flags": Array [
      "been",
    ],
    "iso": "BE",
    "lat": 50.849632,
    "lng": 4.351959,
    "name": "Brussels, Belgium",
  },
  Object {
    "city": "Monte-Carlo",
    "country": "Monaco",
    "flags": Array [
      "been",
    ],
    "iso": "MC",
    "lat": 43.7383,
    "lng": 7.42696,
    "name": "Monte-Carlo, Monaco",
  },
  Object {
    "city": "Nuremberg",
    "country": "Germany",
    "flags": Array [
      "been",
    ],
    "iso": "DE",
    "lat": 49.446163,
    "lng": 11.07039,
    "name": "Nuremberg, Germany",
  },
  Object {
    "city": "Stockholm",
    "country": "Sweden",
    "flags": Array [
      "been",
    ],
    "iso": "SE",
    "lat": 59.330135,
    "lng": 18.06151,
    "name": "Stockholm, Sweden",
  },
  Object {
    "city": "Dresden",
    "country": "Germany",
    "flags": Array [
      "been",
    ],
    "iso": "DE",
    "lat": 51.050453,
    "lng": 13.73823,
    "name": "Dresden, Germany",
  },
  Object {
    "city": "Vatican City",
    "country": "Vatican City",
    "flags": Array [
      "been",
    ],
    "iso": "VA",
    "lat": 41.902363,
    "lng": 12.454423,
    "name": "Vatican City, Vatican City",
  },
  Object {
    "city": "Munich",
    "country": "Germany",
    "flags": Array [
      "been",
    ],
    "iso": "DE",
    "lat": 48.13641,
    "lng": 11.57753,
    "name": "Munich, Germany",
  },
  Object {
    "city": "Vaxjo",
    "country": "Sweden",
    "flags": Array [
      "been",
    ],
    "iso": "SE",
    "lat": 56.87996,
    "lng": 14.79945,
    "name": "Vaxjo, Sweden",
  },
  Object {
    "city": "Greymouth",
    "country": "New Zealand",
    "flags": Array [
      "been",
    ],
    "iso": "NZ",
    "lat": -42.450237,
    "lng": 171.20314,
    "name": "Greymouth, New Zealand",
  },
  Object {
    "city": "Playa de Palma",
    "country": "Spain",
    "flags": Array [
      "been",
    ],
    "iso": "ES",
    "lat": 39.525715,
    "lng": 2.73611,
    "name": "Playa de Palma, Spain",
  },
  Object {
    "city": "Kalmar",
    "country": "Sweden",
    "flags": Array [
      "been",
    ],
    "iso": "SE",
    "lat": 56.66613,
    "lng": 16.36395,
    "name": "Kalmar, Sweden",
  },
  Object {
    "city": "Liverpool",
    "country": "UK",
    "flags": Array [
      "been",
    ],
    "iso": "GB",
    "lat": 53.406662,
    "lng": -2.974251,
    "name": "Liverpool, UK",
  },
  Object {
    "city": "Kaikoura",
    "country": "New Zealand",
    "flags": Array [
      "been",
    ],
    "iso": "NZ",
    "lat": -42.40858,
    "lng": 173.67859,
    "name": "Kaikoura, New Zealand",
  },
  Object {
    "city": "London",
    "country": "UK",
    "flags": Array [
      "been",
    ],
    "iso": "GB",
    "lat": 51.51924,
    "lng": -0.096654,
    "name": "London, UK",
  },
  Object {
    "city": "Listvyanka",
    "country": "Russia",
    "flags": Array [
      "been",
    ],
    "iso": "RU",
    "lat": 51.84828,
    "lng": 104.87136,
    "name": "Listvyanka, Russia",
  },
  Object {
    "city": "Tallinn",
    "country": "Estonia",
    "flags": Array [
      "been",
    ],
    "iso": "EE",
    "lat": 59.43641,
    "lng": 24.7526,
    "name": "Tallinn, Estonia",
  },
  Object {
    "city": "Mount Maunganui",
    "country": "New Zealand",
    "flags": Array [
      "been",
    ],
    "iso": "NZ",
    "lat": -37.63952,
    "lng": 176.18474,
    "name": "Mount Maunganui, New Zealand",
  },
  Object {
    "city": "Bad Frankenhausen",
    "country": "Germany",
    "flags": Array [
      "been",
    ],
    "iso": "DE",
    "lat": 51.35729,
    "lng": 11.09631,
    "name": "Bad Frankenhausen, Germany",
  },
  Object {
    "city": "Vimmerby",
    "country": "Sweden",
    "flags": Array [
      "been",
    ],
    "iso": "SE",
    "lat": 57.66748,
    "lng": 15.85453,
    "name": "Vimmerby, Sweden",
  },
  Object {
    "city": "Irkutsk",
    "country": "Russia",
    "flags": Array [
      "been",
    ],
    "iso": "RU",
    "lat": 52.29778,
    "lng": 104.29639,
    "name": "Irkutsk, Russia",
  },
  Object {
    "city": "Bastia",
    "country": "France",
    "flags": Array [
      "been",
    ],
    "iso": "FR",
    "lat": 42.6999,
    "lng": 9.44988,
    "name": "Bastia, France",
  },
  Object {
    "city": "Castiglione Della Pescaia",
    "country": "Italy",
    "flags": Array [
      "been",
    ],
    "iso": "IT",
    "lat": 42.763542,
    "lng": 10.880054,
    "name": "Castiglione Della Pescaia, Italy",
  },
  Object {
    "city": "Muenster",
    "country": "Germany",
    "flags": Array [
      "been",
    ],
    "iso": "DE",
    "lat": 51.96149,
    "lng": 7.622354,
    "name": "Muenster, Germany",
  },
  Object {
    "city": "Amsterdam",
    "country": "The Netherlands",
    "flags": Array [
      "been",
    ],
    "iso": "NL",
    "lat": 52.37,
    "lng": 4.89,
    "name": "Amsterdam, The Netherlands",
  },
  Object {
    "city": "Paris",
    "country": "France",
    "flags": Array [
      "been",
    ],
    "iso": "FR",
    "lat": 48.857037,
    "lng": 2.349401,
    "name": "Paris, France",
  },
  Object {
    "city": "The Hague",
    "country": "The Netherlands",
    "flags": Array [
      "been",
    ],
    "iso": "NL",
    "lat": 52.076355,
    "lng": 4.310603,
    "name": "The Hague, The Netherlands",
  },
  Object {
    "city": "Naples",
    "country": "Italy",
    "flags": Array [
      "been",
    ],
    "iso": "IT",
    "lat": 40.840416,
    "lng": 14.252355,
    "name": "Naples, Italy",
  },
  Object {
    "city": "Rotterdam",
    "country": "The Netherlands",
    "flags": Array [
      "been",
    ],
    "iso": "NL",
    "lat": 51.920525,
    "lng": 4.480866,
    "name": "Rotterdam, The Netherlands",
  },
  Object {
    "city": "Portsmouth",
    "country": "UK",
    "flags": Array [
      "been",
    ],
    "iso": "GB",
    "lat": 50.802788,
    "lng": -1.086526,
    "name": "Portsmouth, UK",
  },
  Object {
    "city": "Picton",
    "country": "New Zealand",
    "flags": Array [
      "been",
    ],
    "iso": "NZ",
    "lat": -41.28883,
    "lng": 174.00539,
    "name": "Picton, New Zealand",
  },
  Object {
    "city": "Zurich",
    "country": "Switzerland",
    "flags": Array [
      "been",
    ],
    "iso": "CH",
    "lat": 47.374664,
    "lng": 8.539639,
    "name": "Zurich, Switzerland",
  },
  Object {
    "city": "Moscow",
    "country": "Russia",
    "flags": Array [
      "been",
    ],
    "iso": "RU",
    "lat": 55.751865,
    "lng": 37.622437,
    "name": "Moscow, Russia",
  },
  Object {
    "city": "Lyon",
    "country": "France",
    "flags": Array [
      "been",
    ],
    "iso": "FR",
    "lat": 45.755955,
    "lng": 4.832282,
    "name": "Lyon, France",
  },
  Object {
    "city": "Dubrovnik",
    "country": "Croatia",
    "flags": Array [
      "been",
    ],
    "iso": "HR",
    "lat": 42.653934,
    "lng": 18.079966,
    "name": "Dubrovnik, Croatia",
  },
  Object {
    "city": "Akaroa",
    "country": "New Zealand",
    "flags": Array [
      "been",
    ],
    "iso": "NZ",
    "lat": -43.803658,
    "lng": 172.96826,
    "name": "Akaroa, New Zealand",
  },
  Object {
    "city": "Schierke",
    "country": "Germany",
    "flags": Array [
      "been",
    ],
    "iso": "DE",
    "lat": 51.76587,
    "lng": 10.65524,
    "name": "Schierke, Germany",
  },
  Object {
    "city": "Dublin",
    "country": "Ireland",
    "flags": Array [
      "been",
    ],
    "iso": "IE",
    "lat": 53.345966,
    "lng": -6.25341,
    "name": "Dublin, Ireland",
  },
  Object {
    "city": "Hot Water Beach",
    "country": "New Zealand",
    "flags": Array [
      "been",
    ],
    "iso": "NZ",
    "lat": -36.88819,
    "lng": 175.8202,
    "name": "Hot Water Beach, New Zealand",
  },
  Object {
    "city": "Malmo",
    "country": "Sweden",
    "flags": Array [
      "been",
    ],
    "iso": "SE",
    "lat": 55.597195,
    "lng": 12.998863,
    "name": "Malmo, Sweden",
  },
  Object {
    "city": "Pisa",
    "country": "Italy",
    "flags": Array [
      "been",
    ],
    "iso": "IT",
    "lat": 43.71651,
    "lng": 10.400349,
    "name": "Pisa, Italy",
  },
  Object {
    "city": "Jurmala",
    "country": "Latvia",
    "flags": Array [
      "been",
    ],
    "iso": "LV",
    "lat": 56.9619,
    "lng": 23.72264,
    "name": "Jurmala, Latvia",
  },
  Object {
    "city": "Galway",
    "country": "Ireland",
    "flags": Array [
      "been",
    ],
    "iso": "IE",
    "lat": 53.27815,
    "lng": -9.050388,
    "name": "Galway, Ireland",
  },
  Object {
    "city": "San Pedro de Atacama",
    "country": "Chile",
    "flags": Array [
      "been",
    ],
    "iso": "CL",
    "lat": -22.910463,
    "lng": -68.19538,
    "name": "San Pedro de Atacama, Chile",
  },
  Object {
    "city": "Riga",
    "country": "Latvia",
    "flags": Array [
      "been",
    ],
    "iso": "LV",
    "lat": 56.94834,
    "lng": 24.107779,
    "name": "Riga, Latvia",
  },
  Object {
    "city": "Derry",
    "country": "UK",
    "flags": Array [
      "been",
    ],
    "iso": "GB",
    "lat": 54.99243,
    "lng": -7.31921,
    "name": "Derry, UK",
  },
  Object {
    "city": "Toulouse",
    "country": "France",
    "flags": Array [
      "been",
    ],
    "iso": "FR",
    "lat": 43.603947,
    "lng": 1.44303,
    "name": "Toulouse, France",
  },
  Object {
    "city": "Buenos Aires",
    "country": "Argentina",
    "flags": Array [
      "been",
    ],
    "iso": "AR",
    "lat": -34.58881,
    "lng": -58.39562,
    "name": "Buenos Aires, Argentina",
  },
  Object {
    "city": "Stuttgart",
    "country": "Germany",
    "flags": Array [
      "been",
    ],
    "iso": "DE",
    "lat": 48.781322,
    "lng": 9.183353,
    "name": "Stuttgart, Germany",
  },
  Object {
    "city": "Chicago",
    "country": "IL",
    "flags": Array [
      "been",
    ],
    "iso": "",
    "lat": 41.878407,
    "lng": -87.62568,
    "name": "Chicago, IL, USA",
  },
  Object {
    "city": "Bergen",
    "country": "Norway",
    "flags": Array [
      "been",
    ],
    "iso": "NO",
    "lat": 60.38918,
    "lng": 5.331452,
    "name": "Bergen, Norway",
  },
  Object {
    "city": "Mannheim",
    "country": "Germany",
    "flags": Array [
      "been",
    ],
    "iso": "DE",
    "lat": 49.48651,
    "lng": 8.46678,
    "name": "Mannheim, Germany",
  },
  Object {
    "city": "San Sebastian - Donostia",
    "country": "Spain",
    "flags": Array [
      "been",
    ],
    "iso": "ES",
    "lat": 43.317516,
    "lng": -1.975921,
    "name": "San Sebastian - Donostia, Spain",
  },
  Object {
    "city": "Birmingham",
    "country": "UK",
    "flags": Array [
      "been",
    ],
    "iso": "GB",
    "lat": 52.48399,
    "lng": -1.888948,
    "name": "Birmingham, UK",
  },
  Object {
    "city": "Lagos",
    "country": "Portugal",
    "flags": Array [
      "been",
    ],
    "iso": "PT",
    "lat": 37.105007,
    "lng": -8.67513,
    "name": "Lagos, Portugal",
  },
  Object {
    "city": "Lille",
    "country": "France",
    "flags": Array [
      "been",
    ],
    "iso": "FR",
    "lat": 50.636906,
    "lng": 3.065442,
    "name": "Lille, France",
  },
  Object {
    "city": "Bilbao",
    "country": "Spain",
    "flags": Array [
      "been",
    ],
    "iso": "ES",
    "lat": 43.262074,
    "lng": -2.931721,
    "name": "Bilbao, Spain",
  },
  Object {
    "city": "Avignon",
    "country": "France",
    "flags": Array [
      "been",
    ],
    "iso": "FR",
    "lat": 43.947704,
    "lng": 4.806896,
    "name": "Avignon, France",
  },
  Object {
    "city": "Potsdam",
    "country": "Germany",
    "flags": Array [
      "been",
    ],
    "iso": "DE",
    "lat": 52.39935,
    "lng": 13.04793,
    "name": "Potsdam, Germany",
  },
  Object {
    "city": "Hamburg",
    "country": "Germany",
    "flags": Array [
      "been",
    ],
    "iso": "DE",
    "lat": 53.55556,
    "lng": 10.013171,
    "name": "Hamburg, Germany",
  },
  Object {
    "city": "Airlie Beach",
    "country": "Australia",
    "flags": Array [
      "been",
    ],
    "iso": "AU",
    "lat": -20.269703,
    "lng": 148.71977,
    "name": "Airlie Beach, Australia",
  },
  Object {
    "city": "Rotorua",
    "country": "New Zealand",
    "flags": Array [
      "been",
    ],
    "iso": "NZ",
    "lat": -38.136536,
    "lng": 176.25145,
    "name": "Rotorua, New Zealand",
  },
  Object {
    "city": "Taupo",
    "country": "New Zealand",
    "flags": Array [
      "been",
    ],
    "iso": "NZ",
    "lat": -38.689762,
    "lng": 176.07594,
    "name": "Taupo, New Zealand",
  },
  Object {
    "city": "Istanbul",
    "country": "Turkey",
    "flags": Array [
      "been",
    ],
    "iso": "TR",
    "lat": 41.00986,
    "lng": 28.95707,
    "name": "Istanbul, Turkey",
  },
  Object {
    "city": "Santiago",
    "country": "Chile",
    "flags": Array [
      "been",
    ],
    "iso": "CL",
    "lat": -33.43771,
    "lng": -70.64779,
    "name": "Santiago, Chile",
  },
  Object {
    "city": "Katherine",
    "country": "Australia",
    "flags": Array [
      "been",
    ],
    "iso": "AU",
    "lat": -14.46397,
    "lng": 132.26505,
    "name": "Katherine, Australia",
  },
  Object {
    "city": "Wellington",
    "country": "New Zealand",
    "flags": Array [
      "been",
    ],
    "iso": "NZ",
    "lat": -41.286087,
    "lng": 174.77695,
    "name": "Wellington, New Zealand",
  },
  Object {
    "city": "Valparaiso",
    "country": "Chile",
    "flags": Array [
      "been",
    ],
    "iso": "CL",
    "lat": -33.04531,
    "lng": -71.62038,
    "name": "Valparaiso, Chile",
  },
  Object {
    "city": "Blenheim",
    "country": "New Zealand",
    "flags": Array [
      "been",
    ],
    "iso": "NZ",
    "lat": -41.51191,
    "lng": 173.95515,
    "name": "Blenheim, New Zealand",
  },
  Object {
    "city": "Christchurch",
    "country": "New Zealand",
    "flags": Array [
      "been",
    ],
    "iso": "NZ",
    "lat": -43.532024,
    "lng": 172.63718,
    "name": "Christchurch, New Zealand",
  },
  Object {
    "city": "Belfast",
    "country": "UK",
    "flags": Array [
      "been",
    ],
    "iso": "GB",
    "lat": 54.59679,
    "lng": -5.930921,
    "name": "Belfast, UK",
  },
  Object {
    "city": "Vilnius",
    "country": "Lithuania",
    "flags": Array [
      "been",
    ],
    "iso": "LT",
    "lat": 54.69059,
    "lng": 25.26981,
    "name": "Vilnius, Lithuania",
  },
  Object {
    "city": "Freiburg im Breisgau",
    "country": "Germany",
    "flags": Array [
      "been",
    ],
    "iso": "DE",
    "lat": 47.998714,
    "lng": 7.851038,
    "name": "Freiburg im Breisgau, Germany",
  },
  Object {
    "city": "Zakopane",
    "country": "Poland",
    "flags": Array [
      "been",
    ],
    "iso": "PL",
    "lat": 49.29524,
    "lng": 19.95312,
    "name": "Zakopane, Poland",
  },
  Object {
    "city": "Kaliningrad",
    "country": "Russia",
    "flags": Array [
      "been",
    ],
    "iso": "RU",
    "lat": 54.70905,
    "lng": 20.50595,
    "name": "Kaliningrad, Russia",
  },
  Object {
    "city": "Oslo",
    "country": "Norway",
    "flags": Array [
      "been",
    ],
    "iso": "NO",
    "lat": 59.91173,
    "lng": 10.750844,
    "name": "Oslo, Norway",
  },
  Object {
    "city": "Hanmer Springs",
    "country": "New Zealand",
    "flags": Array [
      "been",
    ],
    "iso": "NZ",
    "lat": -42.52297,
    "lng": 172.82918,
    "name": "Hanmer Springs, New Zealand",
  },
  Object {
    "city": "Bremen",
    "country": "Germany",
    "flags": Array [
      "been",
    ],
    "iso": "DE",
    "lat": 53.083763,
    "lng": 8.819797,
    "name": "Bremen, Germany",
  },
  Object {
    "city": "Nykoping",
    "country": "Sweden",
    "flags": Array [
      "been",
    ],
    "iso": "SE",
    "lat": 58.75326,
    "lng": 17.00923,
    "name": "Nykoping, Sweden",
  },
  Object {
    "city": "San Francisco",
    "country": "CA",
    "flags": Array [
      "been",
    ],
    "iso": "",
    "lat": 37.778934,
    "lng": -122.41579,
    "name": "San Francisco, CA, USA",
  },
  Object {
    "city": "Berlin",
    "country": "Germany",
    "flags": Array [
      "been",
    ],
    "iso": "DE",
    "lat": 52.51959,
    "lng": 13.397209,
    "name": "Berlin, Germany",
  },
  Object {
    "city": "Mariestad",
    "country": "Sweden",
    "flags": Array [
      "been",
    ],
    "iso": "SE",
    "lat": 58.710266,
    "lng": 13.822889,
    "name": "Mariestad, Sweden",
  },
  Object {
    "city": "Colonia del Sacramento",
    "country": "Uruguay",
    "flags": Array [
      "been",
    ],
    "iso": "UY",
    "lat": -34.45451,
    "lng": -57.83755,
    "name": "Colonia del Sacramento, Uruguay",
  },
  Object {
    "city": "Seville",
    "country": "Spain",
    "flags": Array [
      "been",
    ],
    "iso": "ES",
    "lat": 37.383396,
    "lng": -5.990674,
    "name": "Seville, Spain",
  },
  Object {
    "city": "Heidelberg",
    "country": "Germany",
    "flags": Array [
      "been",
    ],
    "iso": "DE",
    "lat": 49.40902,
    "lng": 8.697485,
    "name": "Heidelberg, Germany",
  },
  Object {
    "city": "Tokyo",
    "country": "Japan",
    "flags": Array [
      "been",
    ],
    "iso": "JP",
    "lat": 35.680565,
    "lng": 139.759,
    "name": "Tokyo, Japan",
  },
  Object {
    "city": "Skagen",
    "country": "Denmark",
    "flags": Array [
      "been",
    ],
    "iso": "DK",
    "lat": 57.72481,
    "lng": 10.59614,
    "name": "Skagen, Denmark",
  },
  Object {
    "city": "Queenstown",
    "country": "New Zealand",
    "flags": Array [
      "been",
    ],
    "iso": "NZ",
    "lat": -45.03106,
    "lng": 168.66235,
    "name": "Queenstown, New Zealand",
  },
  Object {
    "city": "Te Anau",
    "country": "New Zealand",
    "flags": Array [
      "been",
    ],
    "iso": "NZ",
    "lat": -45.404236,
    "lng": 167.71991,
    "name": "Te Anau, New Zealand",
  },
  Object {
    "city": "Prague",
    "country": "Czech Republic",
    "flags": Array [
      "been",
    ],
    "iso": "CZ",
    "lat": 50.076847,
    "lng": 14.427817,
    "name": "Prague, Czech Republic",
  },
  Object {
    "city": "Lake Tekapo",
    "country": "New Zealand",
    "flags": Array [
      "been",
    ],
    "iso": "NZ",
    "lat": -44.005653,
    "lng": 170.4839,
    "name": "Lake Tekapo, New Zealand",
  },
  Object {
    "city": "Strasbourg",
    "country": "France",
    "flags": Array [
      "been",
    ],
    "iso": "FR",
    "lat": 48.583153,
    "lng": 7.7636,
    "name": "Strasbourg, France",
  },
  Object {
    "city": "Hannover",
    "country": "Germany",
    "flags": Array [
      "been",
      "fave",
    ],
    "iso": "DE",
    "lat": 52.371662,
    "lng": 9.735982,
    "name": "Hannover, Germany",
  },
  Object {
    "city": "Cordoba",
    "country": "Argentina",
    "flags": Array [
      "been",
    ],
    "iso": "AR",
    "lat": -31.40716,
    "lng": -64.18567,
    "name": "Cordoba, Argentina",
  },
  Object {
    "city": "Crespina",
    "country": "Italy",
    "flags": Array [
      "been",
    ],
    "iso": "IT",
    "lat": 43.5768,
    "lng": 10.56142,
    "name": "Crespina, Italy",
  },
  Object {
    "city": "Brindisi",
    "country": "Italy",
    "flags": Array [
      "been",
    ],
    "iso": "IT",
    "lat": 40.6347,
    "lng": 17.94023,
    "name": "Brindisi, Italy",
  },
  Object {
    "city": "Basel",
    "country": "Switzerland",
    "flags": Array [
      "been",
    ],
    "iso": "CH",
    "lat": 47.56868,
    "lng": 7.587512,
    "name": "Basel, Switzerland",
  },
  Object {
    "city": "Bordeaux",
    "country": "France",
    "flags": Array [
      "been",
    ],
    "iso": "FR",
    "lat": 44.841103,
    "lng": -0.580674,
    "name": "Bordeaux, France",
  },
  Object {
    "city": "Wanaka",
    "country": "New Zealand",
    "flags": Array [
      "been",
    ],
    "iso": "NZ",
    "lat": -44.697247,
    "lng": 169.13551,
    "name": "Wanaka, New Zealand",
  },
  Object {
    "city": "Franz Josef",
    "country": "New Zealand",
    "flags": Array [
      "been",
    ],
    "iso": "NZ",
    "lat": -43.38766,
    "lng": 170.18181,
    "name": "Franz Josef, New Zealand",
  },
  Object {
    "city": "Nice",
    "country": "France",
    "flags": Array [
      "been",
    ],
    "iso": "FR",
    "lat": 43.700638,
    "lng": 7.276729,
    "name": "Nice, France",
  },
  Object {
    "city": "Esbjerg",
    "country": "Denmark",
    "flags": Array [
      "been",
    ],
    "iso": "DK",
    "lat": 55.46529,
    "lng": 8.45692,
    "name": "Esbjerg, Denmark",
  },
  Object {
    "city": "Gothenburg",
    "country": "Sweden",
    "flags": Array [
      "been",
    ],
    "iso": "SE",
    "lat": 57.70382,
    "lng": 11.972486,
    "name": "Gothenburg, Sweden",
  },
  Object {
    "city": "Venice",
    "country": "Italy",
    "flags": Array [
      "been",
    ],
    "iso": "IT",
    "lat": 45.439087,
    "lng": 12.323647,
    "name": "Venice, Italy",
  },
  Object {
    "city": "Yokohama",
    "country": "Japan",
    "flags": Array [
      "been",
    ],
    "iso": "JP",
    "lat": 35.454258,
    "lng": 139.56802,
    "name": "Yokohama, Japan",
  },
  Object {
    "city": "Schiermonnikoog",
    "country": "The Netherlands",
    "flags": Array [
      "been",
    ],
    "iso": "NL",
    "lat": 53.47724,
    "lng": 6.16124,
    "name": "Schiermonnikoog, The Netherlands",
  },
  Object {
    "city": "Tarragona",
    "country": "Spain",
    "flags": Array [
      "been",
    ],
    "iso": "ES",
    "lat": 41.116333,
    "lng": 1.248222,
    "name": "Tarragona, Spain",
  },
  Object {
    "city": "Flam",
    "country": "Norway",
    "flags": Array [
      "been",
    ],
    "iso": "NO",
    "lat": 60.83897,
    "lng": 7.12124,
    "name": "Flam, Norway",
  },
  Object {
    "city": "Hallig Hooge",
    "country": "Germany",
    "flags": Array [
      "been",
    ],
    "iso": "DE",
    "lat": 54.56544,
    "lng": 8.54807,
    "name": "Hallig Hooge, Germany",
  },
  Object {
    "city": "Ulaanbaatar",
    "country": "Mongolia",
    "flags": Array [
      "been",
    ],
    "iso": "MN",
    "lat": 47.92211,
    "lng": 106.91698,
    "name": "Ulaanbaatar, Mongolia",
  },
  Object {
    "city": "Vienna",
    "country": "Austria",
    "flags": Array [
      "been",
    ],
    "iso": "AT",
    "lat": 48.208862,
    "lng": 16.372383,
    "name": "Vienna, Austria",
  },
  Object {
    "city": "Tirrenia",
    "country": "Italy",
    "flags": Array [
      "been",
    ],
    "iso": "IT",
    "lat": 43.628094,
    "lng": 10.29188,
    "name": "Tirrenia, Italy",
  },
  Object {
    "city": "Krakow",
    "country": "Poland",
    "flags": Array [
      "been",
    ],
    "iso": "PL",
    "lat": 50.06046,
    "lng": 19.9324,
    "name": "Krakow, Poland",
  },
  Object {
    "city": "Manchester",
    "country": "UK",
    "flags": Array [
      "been",
    ],
    "iso": "GB",
    "lat": 53.476948,
    "lng": -2.247661,
    "name": "Manchester, UK",
  },
  Object {
    "city": "Patras",
    "country": "Greece",
    "flags": Array [
      "been",
    ],
    "iso": "GR",
    "lat": 38.246235,
    "lng": 21.735107,
    "name": "Patras, Greece",
  },
  Object {
    "city": "Athens",
    "country": "Greece",
    "flags": Array [
      "been",
    ],
    "iso": "GR",
    "lat": 37.97698,
    "lng": 23.721302,
    "name": "Athens, Greece",
  },
  Object {
    "city": "Sydney",
    "country": "Australia",
    "flags": Array [
      "been",
    ],
    "iso": "AU",
    "lat": -33.870037,
    "lng": 151.20955,
    "name": "Sydney, Australia",
  },
  Object {
    "city": "Alice Springs",
    "country": "Australia",
    "flags": Array [
      "been",
    ],
    "iso": "AU",
    "lat": -23.70267,
    "lng": 133.88133,
    "name": "Alice Springs, Australia",
  },
  Object {
    "city": "Darwin",
    "country": "Australia",
    "flags": Array [
      "been",
    ],
    "iso": "AU",
    "lat": -12.460347,
    "lng": 130.84166,
    "name": "Darwin, Australia",
  },
  Object {
    "city": "Hirtshals",
    "country": "Denmark",
    "flags": Array [
      "been",
    ],
    "iso": "DK",
    "lat": 57.58847,
    "lng": 9.96,
    "name": "Hirtshals, Denmark",
  },
  Object {
    "city": "Bratislava",
    "country": "Slovakia",
    "flags": Array [
      "been",
    ],
    "iso": "SK",
    "lat": 48.149662,
    "lng": 17.108503,
    "name": "Bratislava, Slovakia",
  },
  Object {
    "city": "Brisbane",
    "country": "Australia",
    "flags": Array [
      "been",
    ],
    "iso": "AU",
    "lat": -27.4681,
    "lng": 153.02197,
    "name": "Brisbane, Australia",
  },
  Object {
    "city": "Perth",
    "country": "Australia",
    "flags": Array [
      "been",
    ],
    "iso": "AU",
    "lat": -31.955471,
    "lng": 115.86148,
    "name": "Perth, Australia",
  },
  Object {
    "city": "Hangzhou",
    "country": "China",
    "flags": Array [
      "been",
    ],
    "iso": "CN",
    "lat": 30.27296,
    "lng": 120.15567,
    "name": "Hangzhou, China",
  },
  Object {
    "city": "Los Angeles",
    "country": "CA",
    "flags": Array [
      "been",
    ],
    "iso": "",
    "lat": 34.05106,
    "lng": -118.23284,
    "name": "Los Angeles, CA, USA",
  },
  Object {
    "city": "Budapest",
    "country": "Hungary",
    "flags": Array [
      "been",
    ],
    "iso": "HU",
    "lat": 47.49346,
    "lng": 19.0507,
    "name": "Budapest, Hungary",
  },
  Object {
    "city": "Auckland Central",
    "country": "New Zealand",
    "flags": Array [
      "been",
    ],
    "iso": "NZ",
    "lat": -36.849407,
    "lng": 174.76103,
    "name": "Auckland Central, New Zealand",
  },
  Object {
    "city": "Luneburg",
    "country": "Germany",
    "flags": Array [
      "been",
    ],
    "iso": "DE",
    "lat": 53.24759,
    "lng": 10.41414,
    "name": "Luneburg, Germany",
  },
]
`;
